
> invita-platform@0.1.0 build C:\Users\tinag\OneDrive\Desktop\Personal\Projects\invita-platform
> next build

▲ Next.js 16.3.6 (Turbopack)
✓ Running next.config.ts took 37ms

  Creating an optimized production build ...
✓ Compiled successfully in 5.1s
  Running TypeScript ...
  Finished TypeScript in 8.3s ...
  Collecting page data using 6 workers ...
  Generating static pages using 6 workers (0/5) ...
  Generating static pages using 6 workers (1/5) 
  Generating static pages using 6 workers (2/5) 
  Generating static pages using 6 workers (3/5) 
✓ Generating static pages using 6 workers (5/5) in 696ms
  Finalizing page optimization ...

Route (app)
┌ ○ /
├ ○ /_not-found
└ ƒ /api/leads


○  (Static)   prerendered as static content
ƒ  (Dynamic)  server-rendered on demand

BUILD-OK  
